Using pre-set license
Built from '6000.0/staging' branch; Version is '6000.0.42f1 (feb9a7235030) revision 16693671'; Using compiler version '193933523'; Build Type 'Release'
OS: 'Windows 10  (10.0.19045) 64bit Professional' Language: 'pt' Physical Memory: 32713 MB
BatchMode: 1, IsHumanControllingUs: 0, StartBugReporterOnCrash: 0, Is64bit: 1, IsPro: 1

COMMAND LINE ARGUMENTS:
J:\.Editor\6000.0.42f1\Editor\Unity.exe
-adb2
-batchMode
-noUpm
-name
AssetImportWorker1
-projectPath
H:/TowerDefence/My project
-logFile
Logs/AssetImportWorker1.log
-srvPort
50640
-job-worker-count
7
-background-job-worker-count
8
-gc-helper-count
1
Successfully changed project path to: H:/TowerDefence/My project
H:/TowerDefence/My project
[UnityMemory] Configuration Parameters - Can be set up in boot.config
    "memorysetup-bucket-allocator-granularity=16"
    "memorysetup-bucket-allocator-bucket-count=8"
    "memorysetup-bucket-allocator-block-size=33554432"
    "memorysetup-bucket-allocator-block-count=8"
    "memorysetup-main-allocator-block-size=16777216"
    "memorysetup-thread-allocator-block-size=16777216"
    "memorysetup-gfx-main-allocator-block-size=16777216"
    "memorysetup-gfx-thread-allocator-block-size=16777216"
    "memorysetup-cache-allocator-block-size=4194304"
    "memorysetup-typetree-allocator-block-size=2097152"
    "memorysetup-profiler-bucket-allocator-granularity=16"
    "memorysetup-profiler-bucket-allocator-bucket-count=8"
    "memorysetup-profiler-bucket-allocator-block-size=33554432"
    "memorysetup-profiler-bucket-allocator-block-count=8"
    "memorysetup-profiler-allocator-block-size=16777216"
    "memorysetup-profiler-editor-allocator-block-size=1048576"
    "memorysetup-temp-allocator-size-main=16777216"
    "memorysetup-job-temp-allocator-block-size=2097152"
    "memorysetup-job-temp-allocator-block-size-background=1048576"
    "memorysetup-job-temp-allocator-reduction-small-platforms=262144"
    "memorysetup-allocator-temp-initial-block-size-main=262144"
    "memorysetup-allocator-temp-initial-block-size-worker=262144"
    "memorysetup-temp-allocator-size-background-worker=32768"
    "memorysetup-temp-allocator-size-job-worker=262144"
    "memorysetup-temp-allocator-size-preload-manager=33554432"
    "memorysetup-temp-allocator-size-nav-mesh-worker=65536"
    "memorysetup-temp-allocator-size-audio-worker=65536"
    "memorysetup-temp-allocator-size-cloud-worker=32768"
    "memorysetup-temp-allocator-size-gi-baking-worker=262144"
    "memorysetup-temp-allocator-size-gi-baking-worker=262144"
    "memorysetup-temp-allocator-size-gi-baking-worker=262144"
    "memorysetup-temp-allocator-size-gi-baking-worker=262144"
    "memorysetup-temp-allocator-size-gi-baking-worker=262144"
    "memorysetup-temp-allocator-size-gfx=262144"
Player connection [964]  Target information:

Player connection [964]  * "[IP] 192.168.1.106 [Port] 0 [Flags] 2 [Guid] 450244920 [EditorId] 450244920 [Version] 1048832 [Id] WindowsEditor(7,DESKTOP-SOCP56G) [Debug] 1 [PackageName] WindowsEditor [ProjectName] Editor" 

Player connection [964]  * "[IP] 192.168.56.1 [Port] 0 [Flags] 2 [Guid] 450244920 [EditorId] 450244920 [Version] 1048832 [Id] WindowsEditor(7,DESKTOP-SOCP56G) [Debug] 1 [PackageName] WindowsEditor [ProjectName] Editor" 

Player connection [964]  * "[IP] 172.20.80.1 [Port] 0 [Flags] 2 [Guid] 450244920 [EditorId] 450244920 [Version] 1048832 [Id] WindowsEditor(7,DESKTOP-SOCP56G) [Debug] 1 [PackageName] WindowsEditor [ProjectName] Editor" 

Player connection [964]  * "[IP] 172.27.208.1 [Port] 0 [Flags] 2 [Guid] 450244920 [EditorId] 450244920 [Version] 1048832 [Id] WindowsEditor(7,DESKTOP-SOCP56G) [Debug] 1 [PackageName] WindowsEditor [ProjectName] Editor" 

Player connection [964] Host joined multi-casting on [225.0.0.222:54997]...
Player connection [964] Host joined alternative multi-casting on [225.0.0.222:34997]...
JobSystem: Creating JobQueue using job-worker-count value 7
Input System module state changed to: Initialized.
[Physics::Module] Initialized fallback backend.
[Physics::Module] Id: 0xdecafbad
Library Redirect Path: Library/
[Physics::Module] Selected backend.
[Physics::Module] Name: PhysX
[Physics::Module] Id: 0xf2b8ea05
[Physics::Module] SDK Version: 4.1.2
[Physics::Module] Integration Version: 1.0.0
[Physics::Module] Threading Mode: Multi-Threaded
Refreshing native plugins compatible for Editor in 2.93 ms, found 3 plugins.
Preloading 0 native plugins for Editor in 0.00 ms.
Initialize engine version: 6000.0.42f1 (feb9a7235030)
[Subsystems] Discovering subsystems at path J:/.Editor/6000.0.42f1/Editor/Data/Resources/UnitySubsystems
[Subsystems] Discovering subsystems at path H:/TowerDefence/My project/Assets
GfxDevice: creating device client; kGfxThreadingModeNonThreaded
Direct3D:
    Version:  Direct3D 11.0 [level 11.1]
    Renderer: Radeon RX550/550 Series (ID=0x699f)
    Vendor:   ATI
    VRAM:     4075 MB
    Driver:   31.0.12029.10015
Shader Hidden/ProbeVolume/VoxelizeScene is not supported: GPU does not support conservative rasterization
Initialize mono
Mono path[0] = 'J:/.Editor/6000.0.42f1/Editor/Data/Managed'
Mono path[1] = 'J:/.Editor/6000.0.42f1/Editor/Data/MonoBleedingEdge/lib/mono/unityjit-win32'
Mono config path = 'J:/.Editor/6000.0.42f1/Editor/Data/MonoBleedingEdge/etc'
Using monoOptions --debugger-agent=transport=dt_socket,embedding=1,server=y,suspend=n,address=127.0.0.1:56232
Begin MonoManager ReloadAssembly
Registering precompiled unity dll's ...
Register platform support module: J:/.Editor/6000.0.42f1/Editor/Data/PlaybackEngines/WindowsStandaloneSupport/UnityEditor.WindowsStandalone.Extensions.dll
Register platform support module: J:/.Editor/6000.0.42f1/Editor/Data/PlaybackEngines/AndroidPlayer/UnityEditor.Android.Extensions.dll
Register platform support module: J:/.Editor/6000.0.42f1/Editor/Data/PlaybackEngines/LinuxStandaloneSupport/UnityEditor.LinuxStandalone.Extensions.dll
Registered in 0.004798 seconds.
- Loaded All Assemblies, in  0.646 seconds
Native extension for LinuxStandalone target not found
Native extension for Android target not found
Android Extension - Scanning For ADB Devices 386 ms
Native extension for WindowsStandalone target not found
Mono: successfully reloaded assembly
- Finished resetting the current domain, in  1.006 seconds
Domain Reload Profiling: 1651ms
	BeginReloadAssembly (211ms)
		ExecutionOrderSort (0ms)
		DisableScriptedObjects (0ms)
		BackupInstance (0ms)
		ReleaseScriptingObjects (0ms)
		CreateAndSetChildDomain (1ms)
	RebuildCommonClasses (63ms)
	RebuildNativeTypeToScriptingClass (22ms)
	initialDomainReloadingComplete (84ms)
	LoadAllAssembliesAndSetupDomain (265ms)
		LoadAssemblies (212ms)
		RebuildTransferFunctionScriptingTraits (0ms)
		AnalyzeDomain (256ms)
			TypeCache.Refresh (254ms)
				TypeCache.ScanAssembly (235ms)
			BuildScriptInfoCaches (0ms)
			ResolveRequiredComponents (1ms)
	FinalizeReload (1007ms)
		ReleaseScriptCaches (0ms)
		RebuildScriptCaches (0ms)
		SetupLoadedEditorAssemblies (936ms)
			LogAssemblyErrors (0ms)
			InitializePlatformSupportModulesInManaged (530ms)
			SetLoadedEditorAssemblies (5ms)
			BeforeProcessingInitializeOnLoad (86ms)
			ProcessInitializeOnLoadAttributes (206ms)
			ProcessInitializeOnLoadMethodAttributes (109ms)
			AfterProcessingInitializeOnLoad (0ms)
			EditorAssembliesLoaded (0ms)
		ExecutionOrderSort2 (0ms)
		AwakeInstancesAfterBackupRestoration (0ms)
========================================================================
Worker process is ready to serve import requests
Import Worker Mode flag is 0x00
Begin MonoManager ReloadAssembly
- Loaded All Assemblies, in  1.230 seconds
Refreshing native plugins compatible for Editor in 1.63 ms, found 3 plugins.
Native extension for LinuxStandalone target not found
Native extension for Android target not found
Native extension for WindowsStandalone target not found
Mono: successfully reloaded assembly
- Finished resetting the current domain, in  1.209 seconds
Domain Reload Profiling: 2437ms
	BeginReloadAssembly (274ms)
		ExecutionOrderSort (0ms)
		DisableScriptedObjects (11ms)
		BackupInstance (0ms)
		ReleaseScriptingObjects (0ms)
		CreateAndSetChildDomain (44ms)
	RebuildCommonClasses (62ms)
	RebuildNativeTypeToScriptingClass (21ms)
	initialDomainReloadingComplete (62ms)
	LoadAllAssembliesAndSetupDomain (808ms)
		LoadAssemblies (563ms)
		RebuildTransferFunctionScriptingTraits (0ms)
		AnalyzeDomain (412ms)
			TypeCache.Refresh (305ms)
				TypeCache.ScanAssembly (279ms)
			BuildScriptInfoCaches (84ms)
			ResolveRequiredComponents (18ms)
	FinalizeReload (1210ms)
		ReleaseScriptCaches (0ms)
		RebuildScriptCaches (0ms)
		SetupLoadedEditorAssemblies (946ms)
			LogAssemblyErrors (0ms)
			InitializePlatformSupportModulesInManaged (22ms)
			SetLoadedEditorAssemblies (7ms)
			BeforeProcessingInitializeOnLoad (174ms)
			ProcessInitializeOnLoadAttributes (596ms)
			ProcessInitializeOnLoadMethodAttributes (141ms)
			AfterProcessingInitializeOnLoad (7ms)
			EditorAssembliesLoaded (0ms)
		ExecutionOrderSort2 (0ms)
		AwakeInstancesAfterBackupRestoration (12ms)
Shader Hidden/ProbeVolume/VoxelizeScene is not supported: GPU does not support conservative rasterization
Launched and connected shader compiler UnityShaderCompiler.exe after 0.02 seconds
Refreshing native plugins compatible for Editor in 1.78 ms, found 3 plugins.
Preloading 0 native plugins for Editor in 0.00 ms.
Unloading 212 Unused Serialized files (Serialized files now loaded: 0)
Unloading 6130 unused Assets / (4.5 MB). Loaded Objects now: 6842.
Memory consumption went from 163.1 MB to 158.6 MB.
Total: 17.413600 ms (FindLiveObjects: 1.418300 ms CreateObjectMapping: 1.879700 ms MarkObjects: 10.771900 ms  DeleteObjects: 3.342000 ms)

========================================================================
Received Import Request.
  Time since last request: 1921.624886 seconds.
  path: Assets/TowerDefence/Sprits/Character-and-Zombie_0.controller
  artifactKey: Guid(b0432d2aa0fa8ef42a52d0ea9de043a7) Importer(815301076,1909f56bfc062723c751e8b465ee728b)
Start importing Assets/TowerDefence/Sprits/Character-and-Zombie_0.controller using Guid(b0432d2aa0fa8ef42a52d0ea9de043a7) Importer(815301076,1909f56bfc062723c751e8b465ee728b) (PreviewImporter) -> (artifact id: '85261735f40d55e2ad337cb042d49c8a') in 0.0358854 seconds
Number of updated asset objects reloaded before import = 0Number of asset objects unloaded after import = 4

========================================================================
Received Prepare
Begin MonoManager ReloadAssembly
- Loaded All Assemblies, in  1.133 seconds
Refreshing native plugins compatible for Editor in 1.74 ms, found 3 plugins.
Native extension for LinuxStandalone target not found
Native extension for Android target not found
Native extension for WindowsStandalone target not found
Mono: successfully reloaded assembly
- Finished resetting the current domain, in  1.247 seconds
Domain Reload Profiling: 2383ms
	BeginReloadAssembly (297ms)
		ExecutionOrderSort (0ms)
		DisableScriptedObjects (13ms)
		BackupInstance (0ms)
		ReleaseScriptingObjects (0ms)
		CreateAndSetChildDomain (73ms)
	RebuildCommonClasses (60ms)
	RebuildNativeTypeToScriptingClass (25ms)
	initialDomainReloadingComplete (43ms)
	LoadAllAssembliesAndSetupDomain (711ms)
		LoadAssemblies (554ms)
		RebuildTransferFunctionScriptingTraits (0ms)
		AnalyzeDomain (309ms)
			TypeCache.Refresh (16ms)
				TypeCache.ScanAssembly (2ms)
			BuildScriptInfoCaches (270ms)
			ResolveRequiredComponents (19ms)
	FinalizeReload (1248ms)
		ReleaseScriptCaches (0ms)
		RebuildScriptCaches (0ms)
		SetupLoadedEditorAssemblies (898ms)
			LogAssemblyErrors (0ms)
			InitializePlatformSupportModulesInManaged (21ms)
			SetLoadedEditorAssemblies (7ms)
			BeforeProcessingInitializeOnLoad (193ms)
			ProcessInitializeOnLoadAttributes (573ms)
			ProcessInitializeOnLoadMethodAttributes (99ms)
			AfterProcessingInitializeOnLoad (4ms)
			EditorAssembliesLoaded (0ms)
		ExecutionOrderSort2 (0ms)
		AwakeInstancesAfterBackupRestoration (25ms)
Shader Hidden/ProbeVolume/VoxelizeScene is not supported: GPU does not support conservative rasterization
Refreshing native plugins compatible for Editor in 1.81 ms, found 3 plugins.
Preloading 0 native plugins for Editor in 0.00 ms.
Unloading 23 Unused Serialized files (Serialized files now loaded: 0)
Unloading 6128 unused Assets / (3.9 MB). Loaded Objects now: 6861.
Memory consumption went from 144.1 MB to 140.2 MB.
Total: 14.099200 ms (FindLiveObjects: 1.094900 ms CreateObjectMapping: 0.945000 ms MarkObjects: 7.986100 ms  DeleteObjects: 4.071400 ms)

Prepare: number of updated asset objects reloaded= 0
========================================================================
Received Import Request.
  Time since last request: 813.978790 seconds.
  path: Assets/UI pack/Icons/Heart.png
  artifactKey: Guid(54af60d343d3e3b458ad7e97dd60dd04) Importer(815301076,1909f56bfc062723c751e8b465ee728b)
Start importing Assets/UI pack/Icons/Heart.png using Guid(54af60d343d3e3b458ad7e97dd60dd04) Importer(815301076,1909f56bfc062723c751e8b465ee728b) (PreviewImporter) -> (artifact id: '3888fb745216decbcc79ad07ba6f623e') in 0.1811514 seconds
Number of updated asset objects reloaded before import = 0Number of asset objects unloaded after import = 3

========================================================================
Received Import Request.
  Time since last request: 0.000040 seconds.
  path: Assets/UI pack/Button/Orange gradient.png
  artifactKey: Guid(1258ac417dd158a48b05eeedb739c469) Importer(815301076,1909f56bfc062723c751e8b465ee728b)
Start importing Assets/UI pack/Button/Orange gradient.png using Guid(1258ac417dd158a48b05eeedb739c469) Importer(815301076,1909f56bfc062723c751e8b465ee728b) (PreviewImporter) -> (artifact id: '8268129c43bac8cd644d829dd2735a55') in 0.0250027 seconds
Number of updated asset objects reloaded before import = 0Number of asset objects unloaded after import = 3

========================================================================
Received Import Request.
  Time since last request: 0.000033 seconds.
  path: Assets/UI pack/Button/Red outline gradient.png
  artifactKey: Guid(d856e7dd0e8555f4fb29db6352b3a822) Importer(815301076,1909f56bfc062723c751e8b465ee728b)
Start importing Assets/UI pack/Button/Red outline gradient.png using Guid(d856e7dd0e8555f4fb29db6352b3a822) Importer(815301076,1909f56bfc062723c751e8b465ee728b) (PreviewImporter) -> (artifact id: '012069246fdeda9055a0f9fe0e69f76b') in 0.0343014 seconds
Number of updated asset objects reloaded before import = 0Number of asset objects unloaded after import = 3

========================================================================
Received Import Request.
  Time since last request: 1.235502 seconds.
  path: Assets/UI pack/Circles/Circle blue full.png
  artifactKey: Guid(e019cd8c6a958a74bb226a0fd85030d6) Importer(815301076,1909f56bfc062723c751e8b465ee728b)
Start importing Assets/UI pack/Circles/Circle blue full.png using Guid(e019cd8c6a958a74bb226a0fd85030d6) Importer(815301076,1909f56bfc062723c751e8b465ee728b) (PreviewImporter) -> (artifact id: '32b2ee0098e3ffdd1a0d68c670de19a4') in 0.0552489 seconds
Number of updated asset objects reloaded before import = 0Number of asset objects unloaded after import = 3

========================================================================
Received Import Request.
  Time since last request: 0.000032 seconds.
  path: Assets/UI pack/Circles/Circle green.png
  artifactKey: Guid(07d868e0fd2a23942bd04c6dffb76ed7) Importer(815301076,1909f56bfc062723c751e8b465ee728b)
Start importing Assets/UI pack/Circles/Circle green.png using Guid(07d868e0fd2a23942bd04c6dffb76ed7) Importer(815301076,1909f56bfc062723c751e8b465ee728b) (PreviewImporter) -> (artifact id: '21490da4a2729a31ca5fd4535584cb11') in 0.0411968 seconds
Number of updated asset objects reloaded before import = 0Number of asset objects unloaded after import = 3

========================================================================
Received Import Request.
  Time since last request: 0.000050 seconds.
  path: Assets/UI pack/Circles/Circle red full.png
  artifactKey: Guid(64f5428e485e0204db94d129eab4847f) Importer(815301076,1909f56bfc062723c751e8b465ee728b)
Start importing Assets/UI pack/Circles/Circle red full.png using Guid(64f5428e485e0204db94d129eab4847f) Importer(815301076,1909f56bfc062723c751e8b465ee728b) (PreviewImporter) -> (artifact id: 'ea12df1588011b7e6547a62428dd640c') in 0.0319142 seconds
Number of updated asset objects reloaded before import = 0Number of asset objects unloaded after import = 3

========================================================================
Received Import Request.
  Time since last request: 0.000035 seconds.
  path: Assets/UI pack/Circles/Circle green full.png
  artifactKey: Guid(ce8637774427361428d758c6c49d138b) Importer(815301076,1909f56bfc062723c751e8b465ee728b)
Start importing Assets/UI pack/Circles/Circle green full.png using Guid(ce8637774427361428d758c6c49d138b) Importer(815301076,1909f56bfc062723c751e8b465ee728b) (PreviewImporter) -> (artifact id: 'deb1738f2c988b758851e3891cb638b5') in 0.032135 seconds
Number of updated asset objects reloaded before import = 0Number of asset objects unloaded after import = 3

========================================================================
Received Import Request.
  Time since last request: 3.612469 seconds.
  path: Assets/UI pack/Button/Blue outline gradient.png
  artifactKey: Guid(7179ab86b28b8184e8b74e3a0b7fa821) Importer(815301076,1909f56bfc062723c751e8b465ee728b)
Start importing Assets/UI pack/Button/Blue outline gradient.png using Guid(7179ab86b28b8184e8b74e3a0b7fa821) Importer(815301076,1909f56bfc062723c751e8b465ee728b) (PreviewImporter) -> (artifact id: '50887532aa9f25a15fc99785d7cd9de0') in 0.0277598 seconds
Number of updated asset objects reloaded before import = 0Number of asset objects unloaded after import = 3

========================================================================
Received Import Request.
  Time since last request: 0.000020 seconds.
  path: Assets/UI pack/Icons/bolt.png
  artifactKey: Guid(bfd7f2d02bcb369458540a3a6e2cea7f) Importer(815301076,1909f56bfc062723c751e8b465ee728b)
Start importing Assets/UI pack/Icons/bolt.png using Guid(bfd7f2d02bcb369458540a3a6e2cea7f) Importer(815301076,1909f56bfc062723c751e8b465ee728b) (PreviewImporter) -> (artifact id: 'aade2c56da7f33bcd09db9b7fe5bb4ab') in 0.0460948 seconds
Number of updated asset objects reloaded before import = 0Number of asset objects unloaded after import = 3

========================================================================
Received Prepare
Begin MonoManager ReloadAssembly
- Loaded All Assemblies, in  1.101 seconds
Refreshing native plugins compatible for Editor in 1.70 ms, found 3 plugins.
Native extension for LinuxStandalone target not found
Native extension for Android target not found
Native extension for WindowsStandalone target not found
Mono: successfully reloaded assembly
- Finished resetting the current domain, in  1.156 seconds
Domain Reload Profiling: 2258ms
	BeginReloadAssembly (293ms)
		ExecutionOrderSort (0ms)
		DisableScriptedObjects (13ms)
		BackupInstance (0ms)
		ReleaseScriptingObjects (0ms)
		CreateAndSetChildDomain (70ms)
	RebuildCommonClasses (57ms)
	RebuildNativeTypeToScriptingClass (22ms)
	initialDomainReloadingComplete (45ms)
	LoadAllAssembliesAndSetupDomain (685ms)
		LoadAssemblies (545ms)
		RebuildTransferFunctionScriptingTraits (0ms)
		AnalyzeDomain (293ms)
			TypeCache.Refresh (13ms)
				TypeCache.ScanAssembly (2ms)
			BuildScriptInfoCaches (257ms)
			ResolveRequiredComponents (18ms)
	FinalizeReload (1156ms)
		ReleaseScriptCaches (0ms)
		RebuildScriptCaches (0ms)
		SetupLoadedEditorAssemblies (845ms)
			LogAssemblyErrors (0ms)
			InitializePlatformSupportModulesInManaged (20ms)
			SetLoadedEditorAssemblies (6ms)
			BeforeProcessingInitializeOnLoad (177ms)
			ProcessInitializeOnLoadAttributes (541ms)
			ProcessInitializeOnLoadMethodAttributes (96ms)
			AfterProcessingInitializeOnLoad (4ms)
			EditorAssembliesLoaded (0ms)
		ExecutionOrderSort2 (0ms)
		AwakeInstancesAfterBackupRestoration (21ms)
Shader Hidden/ProbeVolume/VoxelizeScene is not supported: GPU does not support conservative rasterization
Refreshing native plugins compatible for Editor in 1.68 ms, found 3 plugins.
Preloading 0 native plugins for Editor in 0.00 ms.
Unloading 13 Unused Serialized files (Serialized files now loaded: 0)
Unloading 6134 unused Assets / (4.4 MB). Loaded Objects now: 6874.
Memory consumption went from 146.0 MB to 141.5 MB.
Total: 11.837900 ms (FindLiveObjects: 1.049300 ms CreateObjectMapping: 0.523700 ms MarkObjects: 7.177900 ms  DeleteObjects: 3.085400 ms)

Prepare: number of updated asset objects reloaded= 0
========================================================================
Received Prepare
Begin MonoManager ReloadAssembly
- Loaded All Assemblies, in  1.116 seconds
Refreshing native plugins compatible for Editor in 1.82 ms, found 3 plugins.
Native extension for LinuxStandalone target not found
Native extension for Android target not found
Native extension for WindowsStandalone target not found
Mono: successfully reloaded assembly
- Finished resetting the current domain, in  1.159 seconds
Domain Reload Profiling: 2276ms
	BeginReloadAssembly (297ms)
		ExecutionOrderSort (0ms)
		DisableScriptedObjects (13ms)
		BackupInstance (0ms)
		ReleaseScriptingObjects (0ms)
		CreateAndSetChildDomain (69ms)
	RebuildCommonClasses (58ms)
	RebuildNativeTypeToScriptingClass (23ms)
	initialDomainReloadingComplete (44ms)
	LoadAllAssembliesAndSetupDomain (695ms)
		LoadAssemblies (548ms)
		RebuildTransferFunctionScriptingTraits (0ms)
		AnalyzeDomain (304ms)
			TypeCache.Refresh (14ms)
				TypeCache.ScanAssembly (2ms)
			BuildScriptInfoCaches (267ms)
			ResolveRequiredComponents (18ms)
	FinalizeReload (1159ms)
		ReleaseScriptCaches (0ms)
		RebuildScriptCaches (0ms)
		SetupLoadedEditorAssemblies (848ms)
			LogAssemblyErrors (0ms)
			InitializePlatformSupportModulesInManaged (21ms)
			SetLoadedEditorAssemblies (5ms)
			BeforeProcessingInitializeOnLoad (177ms)
			ProcessInitializeOnLoadAttributes (544ms)
			ProcessInitializeOnLoadMethodAttributes (97ms)
			AfterProcessingInitializeOnLoad (4ms)
			EditorAssembliesLoaded (0ms)
		ExecutionOrderSort2 (0ms)
		AwakeInstancesAfterBackupRestoration (21ms)
Shader Hidden/ProbeVolume/VoxelizeScene is not supported: GPU does not support conservative rasterization
Refreshing native plugins compatible for Editor in 1.81 ms, found 3 plugins.
Preloading 0 native plugins for Editor in 0.00 ms.
Unloading 13 Unused Serialized files (Serialized files now loaded: 0)
Unloading 6150 unused Assets / (4.4 MB). Loaded Objects now: 6892.
Memory consumption went from 146.2 MB to 141.8 MB.
Total: 13.458500 ms (FindLiveObjects: 1.265200 ms CreateObjectMapping: 1.317200 ms MarkObjects: 7.433300 ms  DeleteObjects: 3.441400 ms)

Prepare: number of updated asset objects reloaded= 0
========================================================================
Received Import Request.
  Time since last request: 125.607823 seconds.
  path: Assets/Quantum Tek/Quantum UI/Sprites/Backgrounds/White Checkerboard.png
  artifactKey: Guid(71f179552933f4aff84739963a220f38) Importer(815301076,1909f56bfc062723c751e8b465ee728b)
Start importing Assets/Quantum Tek/Quantum UI/Sprites/Backgrounds/White Checkerboard.png using Guid(71f179552933f4aff84739963a220f38) Importer(815301076,1909f56bfc062723c751e8b465ee728b) (PreviewImporter) -> (artifact id: 'eba92d3641676e142dae608d64e7f118') in 0.1564291 seconds
Number of updated asset objects reloaded before import = 0Number of asset objects unloaded after import = 3

========================================================================
Received Import Request.
  Time since last request: 0.000029 seconds.
  path: Assets/Quantum Tek/Quantum UI/Sprites/Tabs/White Round Inactive Tab.png
  artifactKey: Guid(291f7479bbc4e49769a1fad29d9dab9a) Importer(815301076,1909f56bfc062723c751e8b465ee728b)
Start importing Assets/Quantum Tek/Quantum UI/Sprites/Tabs/White Round Inactive Tab.png using Guid(291f7479bbc4e49769a1fad29d9dab9a) Importer(815301076,1909f56bfc062723c751e8b465ee728b) (PreviewImporter) -> (artifact id: '031534b4bfff9eab7891cc734709956f') in 0.0238874 seconds
Number of updated asset objects reloaded before import = 0Number of asset objects unloaded after import = 3

========================================================================
Received Import Request.
  Time since last request: 0.000034 seconds.
  path: Assets/Quantum Tek/Quantum UI/Sprites/Buttons/White Round Button.png
  artifactKey: Guid(f2d1db67f26a74f13bb10147155953dd) Importer(815301076,1909f56bfc062723c751e8b465ee728b)
Start importing Assets/Quantum Tek/Quantum UI/Sprites/Buttons/White Round Button.png using Guid(f2d1db67f26a74f13bb10147155953dd) Importer(815301076,1909f56bfc062723c751e8b465ee728b) (PreviewImporter) -> (artifact id: '139c072b7711b656a1e6c7ed647d44bf') in 0.0411888 seconds
Number of updated asset objects reloaded before import = 0Number of asset objects unloaded after import = 3

========================================================================
Received Import Request.
  Time since last request: 0.000025 seconds.
  path: Assets/Quantum Tek/Quantum UI/Sprites/Toggles/White Square Switch Off.png
  artifactKey: Guid(db83a0473cb7d4d2583440567e3d0ea1) Importer(815301076,1909f56bfc062723c751e8b465ee728b)
Start importing Assets/Quantum Tek/Quantum UI/Sprites/Toggles/White Square Switch Off.png using Guid(db83a0473cb7d4d2583440567e3d0ea1) Importer(815301076,1909f56bfc062723c751e8b465ee728b) (PreviewImporter) -> (artifact id: '62b033d2c64addb98c15c4278f99ac46') in 0.0269498 seconds
Number of updated asset objects reloaded before import = 0Number of asset objects unloaded after import = 3

========================================================================
Received Import Request.
  Time since last request: 0.000029 seconds.
  path: Assets/Quantum Tek/Quantum UI/Sprites/Buttons/White Rounded Button.png
  artifactKey: Guid(1cfdba0090d5d4c7d9701ae3ff1699ce) Importer(815301076,1909f56bfc062723c751e8b465ee728b)
Start importing Assets/Quantum Tek/Quantum UI/Sprites/Buttons/White Rounded Button.png using Guid(1cfdba0090d5d4c7d9701ae3ff1699ce) Importer(815301076,1909f56bfc062723c751e8b465ee728b) (PreviewImporter) -> (artifact id: 'cee981e41e302b3c404f225036a6ff40') in 0.0244719 seconds
Number of updated asset objects reloaded before import = 0Number of asset objects unloaded after import = 3

========================================================================
Received Import Request.
  Time since last request: 0.000027 seconds.
  path: Assets/Quantum Tek/Quantum UI/Sprites/Icons/White House.png
  artifactKey: Guid(05b85860d5cf649478cdd1a1ec3c95a7) Importer(815301076,1909f56bfc062723c751e8b465ee728b)
Start importing Assets/Quantum Tek/Quantum UI/Sprites/Icons/White House.png using Guid(05b85860d5cf649478cdd1a1ec3c95a7) Importer(815301076,1909f56bfc062723c751e8b465ee728b) (PreviewImporter) -> (artifact id: '8f7f01974cdf5e25c121c0e61a50b8f8') in 0.0252151 seconds
Number of updated asset objects reloaded before import = 0Number of asset objects unloaded after import = 3

========================================================================
Received Import Request.
  Time since last request: 0.000039 seconds.
  path: Assets/Quantum Tek/Quantum UI/Sprites/Windows/White Rounded Window.png
  artifactKey: Guid(1612ec7a0b26245809266786171f4559) Importer(815301076,1909f56bfc062723c751e8b465ee728b)
Start importing Assets/Quantum Tek/Quantum UI/Sprites/Windows/White Rounded Window.png using Guid(1612ec7a0b26245809266786171f4559) Importer(815301076,1909f56bfc062723c751e8b465ee728b) (PreviewImporter) -> (artifact id: 'f5c377b470b417973d764681ff1a1838') in 0.0382077 seconds
Number of updated asset objects reloaded before import = 0Number of asset objects unloaded after import = 3

========================================================================
Received Import Request.
  Time since last request: 0.000027 seconds.
  path: Assets/Quantum Tek/Quantum UI/Sprites/Toggles/White Rounded Switch On.png
  artifactKey: Guid(73f86462d8ca748bfa6ce29a228ceb7b) Importer(815301076,1909f56bfc062723c751e8b465ee728b)
Start importing Assets/Quantum Tek/Quantum UI/Sprites/Toggles/White Rounded Switch On.png using Guid(73f86462d8ca748bfa6ce29a228ceb7b) Importer(815301076,1909f56bfc062723c751e8b465ee728b) (PreviewImporter) -> (artifact id: '8ec5baa3f15f75b0c63e9b0173ead51a') in 0.0269111 seconds
Number of updated asset objects reloaded before import = 0Number of asset objects unloaded after import = 3

========================================================================
Received Import Request.
  Time since last request: 0.000027 seconds.
  path: Assets/Quantum Tek/Quantum UI/Sprites/Icons/White Up Arrow.png
  artifactKey: Guid(e22d3a7dcdf3347a9bdbd9c26bf18385) Importer(815301076,1909f56bfc062723c751e8b465ee728b)
Start importing Assets/Quantum Tek/Quantum UI/Sprites/Icons/White Up Arrow.png using Guid(e22d3a7dcdf3347a9bdbd9c26bf18385) Importer(815301076,1909f56bfc062723c751e8b465ee728b) (PreviewImporter) -> (artifact id: '7ada6b5454e7033e14f20289b06208cc') in 0.0417455 seconds
Number of updated asset objects reloaded before import = 0Number of asset objects unloaded after import = 3

========================================================================
Received Import Request.
  Time since last request: 0.000028 seconds.
  path: Assets/Quantum Tek/Quantum UI/Sprites/Input Fields/White Input Field.png
  artifactKey: Guid(f552135dd8b234310af7e8710d71ad48) Importer(815301076,1909f56bfc062723c751e8b465ee728b)
Start importing Assets/Quantum Tek/Quantum UI/Sprites/Input Fields/White Input Field.png using Guid(f552135dd8b234310af7e8710d71ad48) Importer(815301076,1909f56bfc062723c751e8b465ee728b) (PreviewImporter) -> (artifact id: 'cc5112f7afe5d30235d14bf6c6bfe5c5') in 0.0268687 seconds
Number of updated asset objects reloaded before import = 0Number of asset objects unloaded after import = 3

========================================================================
Received Import Request.
  Time since last request: 0.000039 seconds.
  path: Assets/Quantum Tek/Quantum UI/Sprites/Icons/White Plus.png
  artifactKey: Guid(2485a46199e57482fb858f4c4982436b) Importer(815301076,1909f56bfc062723c751e8b465ee728b)
Start importing Assets/Quantum Tek/Quantum UI/Sprites/Icons/White Plus.png using Guid(2485a46199e57482fb858f4c4982436b) Importer(815301076,1909f56bfc062723c751e8b465ee728b) (PreviewImporter) -> (artifact id: 'fe76640e5523955dc5e4e2044586bd5f') in 0.0358514 seconds
Number of updated asset objects reloaded before import = 0Number of asset objects unloaded after import = 3

========================================================================
Received Import Request.
  Time since last request: 0.000021 seconds.
  path: Assets/Quantum Tek/Quantum UI/Sprites/Buttons/White Circle Outline Button.png
  artifactKey: Guid(23e031f1dfb7b4eddae812b4a3a0e268) Importer(815301076,1909f56bfc062723c751e8b465ee728b)
Start importing Assets/Quantum Tek/Quantum UI/Sprites/Buttons/White Circle Outline Button.png using Guid(23e031f1dfb7b4eddae812b4a3a0e268) Importer(815301076,1909f56bfc062723c751e8b465ee728b) (PreviewImporter) -> (artifact id: '27a49ebb81dcbbb347f22f51a7607a7b') in 0.0266842 seconds
Number of updated asset objects reloaded before import = 0Number of asset objects unloaded after import = 3

========================================================================
Received Import Request.
  Time since last request: 0.000023 seconds.
  path: Assets/Quantum Tek/Quantum UI/Sprites/Icons/White Right Arrow.png
  artifactKey: Guid(56b5445fb30cc460a8bdf929fc626bf9) Importer(815301076,1909f56bfc062723c751e8b465ee728b)
Start importing Assets/Quantum Tek/Quantum UI/Sprites/Icons/White Right Arrow.png using Guid(56b5445fb30cc460a8bdf929fc626bf9) Importer(815301076,1909f56bfc062723c751e8b465ee728b) (PreviewImporter) -> (artifact id: 'f549c17cc8ee7be41b5a3384c7cb535b') in 0.0274928 seconds
Number of updated asset objects reloaded before import = 0Number of asset objects unloaded after import = 3

========================================================================
Received Import Request.
  Time since last request: 0.000025 seconds.
  path: Assets/Quantum Tek/Quantum UI/Sprites/Buttons/White Circle Button.png
  artifactKey: Guid(e6450a15ab10f4016a29e51bb1036188) Importer(815301076,1909f56bfc062723c751e8b465ee728b)
Start importing Assets/Quantum Tek/Quantum UI/Sprites/Buttons/White Circle Button.png using Guid(e6450a15ab10f4016a29e51bb1036188) Importer(815301076,1909f56bfc062723c751e8b465ee728b) (PreviewImporter) -> (artifact id: '23dadeed6db18a25d315bf30bf4cf24b') in 0.0284352 seconds
Number of updated asset objects reloaded before import = 0Number of asset objects unloaded after import = 3

========================================================================
Received Import Request.
  Time since last request: 0.000043 seconds.
  path: Assets/Quantum Tek/Quantum UI/Sprites/Icons/White Exclamation.png
  artifactKey: Guid(777beaf84bb8b41d4ae3fd993af441f3) Importer(815301076,1909f56bfc062723c751e8b465ee728b)
Start importing Assets/Quantum Tek/Quantum UI/Sprites/Icons/White Exclamation.png using Guid(777beaf84bb8b41d4ae3fd993af441f3) Importer(815301076,1909f56bfc062723c751e8b465ee728b) (PreviewImporter) -> (artifact id: '3eb8bab4a64ab20199934f9cd76fff36') in 0.0287324 seconds
Number of updated asset objects reloaded before import = 0Number of asset objects unloaded after import = 3

========================================================================
Received Import Request.
  Time since last request: 0.000023 seconds.
  path: Assets/Quantum Tek/Quantum UI/Sprites/Icons/White Pause.png
  artifactKey: Guid(f202d0535d8d34970abcfaa21aba2019) Importer(815301076,1909f56bfc062723c751e8b465ee728b)
Start importing Assets/Quantum Tek/Quantum UI/Sprites/Icons/White Pause.png using Guid(f202d0535d8d34970abcfaa21aba2019) Importer(815301076,1909f56bfc062723c751e8b465ee728b) (PreviewImporter) -> (artifact id: '0430645879b68b788d3b5e6f4523c2a3') in 0.0323159 seconds
Number of updated asset objects reloaded before import = 0Number of asset objects unloaded after import = 3

========================================================================
Received Import Request.
  Time since last request: 0.000028 seconds.
  path: Assets/Quantum Tek/Quantum UI/Sprites/Icons/White Minus.png
  artifactKey: Guid(ff2a254658ad5427fbb6aa23e6c5ec95) Importer(815301076,1909f56bfc062723c751e8b465ee728b)
Start importing Assets/Quantum Tek/Quantum UI/Sprites/Icons/White Minus.png using Guid(ff2a254658ad5427fbb6aa23e6c5ec95) Importer(815301076,1909f56bfc062723c751e8b465ee728b) (PreviewImporter) -> (artifact id: '4994a75913650d7657d8d2275905d7a6') in 0.0289882 seconds
Number of updated asset objects reloaded before import = 0Number of asset objects unloaded after import = 3

========================================================================
Received Import Request.
  Time since last request: 0.000031 seconds.
  path: Assets/Quantum Tek/Quantum UI/Sprites/Icons/White Down Arrow.png
  artifactKey: Guid(ac1ea26e75c8e47a08fbbfa39f286d29) Importer(815301076,1909f56bfc062723c751e8b465ee728b)
Start importing Assets/Quantum Tek/Quantum UI/Sprites/Icons/White Down Arrow.png using Guid(ac1ea26e75c8e47a08fbbfa39f286d29) Importer(815301076,1909f56bfc062723c751e8b465ee728b) (PreviewImporter) -> (artifact id: '88de2148c704f6063f833b822ee0550c') in 0.0255871 seconds
Number of updated asset objects reloaded before import = 0Number of asset objects unloaded after import = 3

========================================================================
Received Import Request.
  Time since last request: 0.000052 seconds.
  path: Assets/Quantum Tek/Quantum UI/Sprites/Toggles/White Rounded Switch Off.png
  artifactKey: Guid(292a2d83002c94c4c9ad558eca6802d7) Importer(815301076,1909f56bfc062723c751e8b465ee728b)
Start importing Assets/Quantum Tek/Quantum UI/Sprites/Toggles/White Rounded Switch Off.png using Guid(292a2d83002c94c4c9ad558eca6802d7) Importer(815301076,1909f56bfc062723c751e8b465ee728b) (PreviewImporter) -> (artifact id: 'b8d307dc3e041c8e0bbadd9bc202e047') in 0.0253624 seconds
Number of updated asset objects reloaded before import = 0Number of asset objects unloaded after import = 3

========================================================================
Received Import Request.
  Time since last request: 1.684375 seconds.
  path: Assets/Quantum Tek/Quantum UI/Sprites/Toggles/Red Rounded Switch On.png
  artifactKey: Guid(0abaefb49cb9f499faaa0e59e90d7e58) Importer(815301076,1909f56bfc062723c751e8b465ee728b)
Start importing Assets/Quantum Tek/Quantum UI/Sprites/Toggles/Red Rounded Switch On.png using Guid(0abaefb49cb9f499faaa0e59e90d7e58) Importer(815301076,1909f56bfc062723c751e8b465ee728b) (PreviewImporter) -> (artifact id: '811199f4e0593ad8c3773c3cba30d611') in 0.0356468 seconds
Number of updated asset objects reloaded before import = 0Number of asset objects unloaded after import = 3

========================================================================
Received Import Request.
  Time since last request: 0.000040 seconds.
  path: Assets/Quantum Tek/Quantum UI/Sprites/Backgrounds/Red Stripes.png
  artifactKey: Guid(af7fd3c28a4714137aa51a67d07709cf) Importer(815301076,1909f56bfc062723c751e8b465ee728b)
Start importing Assets/Quantum Tek/Quantum UI/Sprites/Backgrounds/Red Stripes.png using Guid(af7fd3c28a4714137aa51a67d07709cf) Importer(815301076,1909f56bfc062723c751e8b465ee728b) (PreviewImporter) -> (artifact id: '674ef151664b3ca7a3d3adb1f5573c06') in 0.0269066 seconds
Number of updated asset objects reloaded before import = 0Number of asset objects unloaded after import = 3

========================================================================
Received Import Request.
  Time since last request: 0.000043 seconds.
  path: Assets/Quantum Tek/Quantum UI/Sprites/Buttons/Red Square Outline Button.png
  artifactKey: Guid(511ac66591df94f2490927beaa96acc5) Importer(815301076,1909f56bfc062723c751e8b465ee728b)
Start importing Assets/Quantum Tek/Quantum UI/Sprites/Buttons/Red Square Outline Button.png using Guid(511ac66591df94f2490927beaa96acc5) Importer(815301076,1909f56bfc062723c751e8b465ee728b) (PreviewImporter) -> (artifact id: '2f71fd1be53c0707fc0389d3213e3196') in 0.0317193 seconds
Number of updated asset objects reloaded before import = 0Number of asset objects unloaded after import = 3

========================================================================
Received Import Request.
  Time since last request: 0.000023 seconds.
  path: Assets/Quantum Tek/Quantum UI/Sprites/Windows/Red Square Window.png
  artifactKey: Guid(27a61c3d0bc70471fb85b08b1faf6251) Importer(815301076,1909f56bfc062723c751e8b465ee728b)
Start importing Assets/Quantum Tek/Quantum UI/Sprites/Windows/Red Square Window.png using Guid(27a61c3d0bc70471fb85b08b1faf6251) Importer(815301076,1909f56bfc062723c751e8b465ee728b) (PreviewImporter) -> (artifact id: 'ae5cdca5a38e26c35e3fc05f691bb6ae') in 0.0530776 seconds
Number of updated asset objects reloaded before import = 0Number of asset objects unloaded after import = 3

========================================================================
Received Import Request.
  Time since last request: 24.393003 seconds.
  path: Assets/Quantum Tek/Quantum UI/Sprites/Tabs/Red Round Inactive Tab.png
  artifactKey: Guid(c5c88878883a3449b838351c70fe3608) Importer(815301076,1909f56bfc062723c751e8b465ee728b)
Start importing Assets/Quantum Tek/Quantum UI/Sprites/Tabs/Red Round Inactive Tab.png using Guid(c5c88878883a3449b838351c70fe3608) Importer(815301076,1909f56bfc062723c751e8b465ee728b) (PreviewImporter) -> (artifact id: '52f4faaa9c665b845137e9f6033575f5') in 0.0306493 seconds
Number of updated asset objects reloaded before import = 0Number of asset objects unloaded after import = 3

========================================================================
Received Import Request.
  Time since last request: 0.000034 seconds.
  path: Assets/Quantum Tek/Quantum UI/Sprites/Buttons/Red Rounded Outline Button.png
  artifactKey: Guid(1a6c2962623c74bc1ba317def2d16680) Importer(815301076,1909f56bfc062723c751e8b465ee728b)
Start importing Assets/Quantum Tek/Quantum UI/Sprites/Buttons/Red Rounded Outline Button.png using Guid(1a6c2962623c74bc1ba317def2d16680) Importer(815301076,1909f56bfc062723c751e8b465ee728b) (PreviewImporter) -> (artifact id: '3ce0dab997f81e70efb5b5e285711118') in 0.0330805 seconds
Number of updated asset objects reloaded before import = 0Number of asset objects unloaded after import = 3

========================================================================
Received Import Request.
  Time since last request: 0.000051 seconds.
  path: Assets/Quantum Tek/Quantum UI/Sprites/Tabs/Red Round Tab.png
  artifactKey: Guid(006f88eb96b2444f7b0ca916c60fec9c) Importer(815301076,1909f56bfc062723c751e8b465ee728b)
Start importing Assets/Quantum Tek/Quantum UI/Sprites/Tabs/Red Round Tab.png using Guid(006f88eb96b2444f7b0ca916c60fec9c) Importer(815301076,1909f56bfc062723c751e8b465ee728b) (PreviewImporter) -> (artifact id: '3d44c9881ce65cfba3ba259e5e8efa5a') in 0.0308707 seconds
Number of updated asset objects reloaded before import = 0Number of asset objects unloaded after import = 3

